Archive member included to satisfy reference by file (symbol)

c:/msys64/mingw64/bin/../lib/gcc/arm-none-eabi/10.1.0/../../../../arm-none-eabi/lib/thumb/v7e-m+fp/hard\libc_nano.a(lib_a-atexit.o)
                              c:/msys64/mingw64/bin/../lib/gcc/arm-none-eabi/10.1.0/../../../../arm-none-eabi/lib/thumb/v7e-m+fp/hard/crt0.o (atexit)
c:/msys64/mingw64/bin/../lib/gcc/arm-none-eabi/10.1.0/../../../../arm-none-eabi/lib/thumb/v7e-m+fp/hard\libc_nano.a(lib_a-exit.o)
                              c:/msys64/mingw64/bin/../lib/gcc/arm-none-eabi/10.1.0/../../../../arm-none-eabi/lib/thumb/v7e-m+fp/hard/crt0.o (exit)
c:/msys64/mingw64/bin/../lib/gcc/arm-none-eabi/10.1.0/../../../../arm-none-eabi/lib/thumb/v7e-m+fp/hard\libc_nano.a(lib_a-fini.o)
                              c:/msys64/mingw64/bin/../lib/gcc/arm-none-eabi/10.1.0/../../../../arm-none-eabi/lib/thumb/v7e-m+fp/hard/crt0.o (__libc_fini_array)
c:/msys64/mingw64/bin/../lib/gcc/arm-none-eabi/10.1.0/../../../../arm-none-eabi/lib/thumb/v7e-m+fp/hard\libc_nano.a(lib_a-impure.o)
                              c:/msys64/mingw64/bin/../lib/gcc/arm-none-eabi/10.1.0/../../../../arm-none-eabi/lib/thumb/v7e-m+fp/hard\libc_nano.a(lib_a-exit.o) (_global_impure_ptr)
c:/msys64/mingw64/bin/../lib/gcc/arm-none-eabi/10.1.0/../../../../arm-none-eabi/lib/thumb/v7e-m+fp/hard\libc_nano.a(lib_a-init.o)
                              c:/msys64/mingw64/bin/../lib/gcc/arm-none-eabi/10.1.0/../../../../arm-none-eabi/lib/thumb/v7e-m+fp/hard/crt0.o (__libc_init_array)
c:/msys64/mingw64/bin/../lib/gcc/arm-none-eabi/10.1.0/../../../../arm-none-eabi/lib/thumb/v7e-m+fp/hard\libc_nano.a(lib_a-memset.o)
                              c:/msys64/mingw64/bin/../lib/gcc/arm-none-eabi/10.1.0/../../../../arm-none-eabi/lib/thumb/v7e-m+fp/hard/crt0.o (memset)
c:/msys64/mingw64/bin/../lib/gcc/arm-none-eabi/10.1.0/../../../../arm-none-eabi/lib/thumb/v7e-m+fp/hard\libc_nano.a(lib_a-__atexit.o)
                              c:/msys64/mingw64/bin/../lib/gcc/arm-none-eabi/10.1.0/../../../../arm-none-eabi/lib/thumb/v7e-m+fp/hard\libc_nano.a(lib_a-atexit.o) (__register_exitproc)
c:/msys64/mingw64/bin/../lib/gcc/arm-none-eabi/10.1.0/../../../../arm-none-eabi/lib/thumb/v7e-m+fp/hard\libc_nano.a(lib_a-__call_atexit.o)
                              c:/msys64/mingw64/bin/../lib/gcc/arm-none-eabi/10.1.0/../../../../arm-none-eabi/lib/thumb/v7e-m+fp/hard\libc_nano.a(lib_a-__atexit.o) (__call_exitprocs)
c:/msys64/mingw64/bin/../lib/gcc/arm-none-eabi/10.1.0/../../../../arm-none-eabi/lib/thumb/v7e-m+fp/hard\libc_nano.a(lib_a-lock.o)
                              c:/msys64/mingw64/bin/../lib/gcc/arm-none-eabi/10.1.0/../../../../arm-none-eabi/lib/thumb/v7e-m+fp/hard\libc_nano.a(lib_a-__atexit.o) (__retarget_lock_acquire_recursive)
c:/msys64/mingw64/bin/../lib/gcc/arm-none-eabi/10.1.0/../../../../arm-none-eabi/lib/thumb/v7e-m+fp/hard\libnosys.a(_exit.o)
                              c:/msys64/mingw64/bin/../lib/gcc/arm-none-eabi/10.1.0/../../../../arm-none-eabi/lib/thumb/v7e-m+fp/hard\libc_nano.a(lib_a-exit.o) (_exit)

Allocating common symbols
Common symbol       size              file

__lock___atexit_recursive_mutex
                    0x1               c:/msys64/mingw64/bin/../lib/gcc/arm-none-eabi/10.1.0/../../../../arm-none-eabi/lib/thumb/v7e-m+fp/hard\libc_nano.a(lib_a-lock.o)
__lock___arc4random_mutex
                    0x1               c:/msys64/mingw64/bin/../lib/gcc/arm-none-eabi/10.1.0/../../../../arm-none-eabi/lib/thumb/v7e-m+fp/hard\libc_nano.a(lib_a-lock.o)
__lock___env_recursive_mutex
                    0x1               c:/msys64/mingw64/bin/../lib/gcc/arm-none-eabi/10.1.0/../../../../arm-none-eabi/lib/thumb/v7e-m+fp/hard\libc_nano.a(lib_a-lock.o)
__lock___sinit_recursive_mutex
                    0x1               c:/msys64/mingw64/bin/../lib/gcc/arm-none-eabi/10.1.0/../../../../arm-none-eabi/lib/thumb/v7e-m+fp/hard\libc_nano.a(lib_a-lock.o)
__lock___malloc_recursive_mutex
                    0x1               c:/msys64/mingw64/bin/../lib/gcc/arm-none-eabi/10.1.0/../../../../arm-none-eabi/lib/thumb/v7e-m+fp/hard\libc_nano.a(lib_a-lock.o)
__lock___at_quick_exit_mutex
                    0x1               c:/msys64/mingw64/bin/../lib/gcc/arm-none-eabi/10.1.0/../../../../arm-none-eabi/lib/thumb/v7e-m+fp/hard\libc_nano.a(lib_a-lock.o)
__lock___dd_hash_mutex
                    0x1               c:/msys64/mingw64/bin/../lib/gcc/arm-none-eabi/10.1.0/../../../../arm-none-eabi/lib/thumb/v7e-m+fp/hard\libc_nano.a(lib_a-lock.o)
__lock___tz_mutex   0x1               c:/msys64/mingw64/bin/../lib/gcc/arm-none-eabi/10.1.0/../../../../arm-none-eabi/lib/thumb/v7e-m+fp/hard\libc_nano.a(lib_a-lock.o)
__lock___sfp_recursive_mutex
                    0x1               c:/msys64/mingw64/bin/../lib/gcc/arm-none-eabi/10.1.0/../../../../arm-none-eabi/lib/thumb/v7e-m+fp/hard\libc_nano.a(lib_a-lock.o)

Discarded input sections

[...]
Memory Configuration

Name             Origin             Length             Attributes
RAM              0x0000000020000000 0x000000000000a000 xrw
CCMRAM           0x0000000010000000 0x0000000000002000 xrw
FLASH            0x0000000008000000 0x0000000000040000 xr
*default*        0x0000000000000000 0xffffffffffffffff

Linker script and memory map

LOAD c:/msys64/mingw64/bin/../lib/gcc/arm-none-eabi/10.1.0/thumb/v7e-m+fp/hard/crti.o
LOAD c:/msys64/mingw64/bin/../lib/gcc/arm-none-eabi/10.1.0/thumb/v7e-m+fp/hard/crtbegin.o
LOAD c:/msys64/mingw64/bin/../lib/gcc/arm-none-eabi/10.1.0/../../../../arm-none-eabi/lib/thumb/v7e-m+fp/hard/crt0.o
LOAD build/main.o
LOAD build/stm32f3xx_it.o
LOAD build/stm32f3xx_hal_msp.o
LOAD build/stm32f3xx_ll_usb.o
LOAD build/stm32f3xx_hal_i2c.o
LOAD build/stm32f3xx_hal_i2c_ex.o
LOAD build/stm32f3xx_hal.o
LOAD build/stm32f3xx_hal_rcc.o
LOAD build/stm32f3xx_hal_rcc_ex.o
LOAD build/stm32f3xx_hal_gpio.o
LOAD build/stm32f3xx_hal_dma.o
LOAD build/stm32f3xx_hal_cortex.o
LOAD build/stm32f3xx_hal_pwr.o
LOAD build/stm32f3xx_hal_pwr_ex.o
LOAD build/stm32f3xx_hal_flash.o
LOAD build/stm32f3xx_hal_flash_ex.o
LOAD build/stm32f3xx_hal_exti.o
LOAD build/stm32f3xx_hal_spi.o
LOAD build/stm32f3xx_hal_spi_ex.o
LOAD build/stm32f3xx_hal_tim.o
LOAD build/stm32f3xx_hal_tim_ex.o
LOAD build/stm32f3xx_hal_pcd.o
LOAD build/stm32f3xx_hal_pcd_ex.o
LOAD build/system_stm32f3xx.o
LOAD build/startup_stm32f303xc.o
LOAD c:/msys64/mingw64/bin/../lib/gcc/arm-none-eabi/10.1.0/../../../../arm-none-eabi/lib/thumb/v7e-m+fp/hard\libc_nano.a
LOAD c:/msys64/mingw64/bin/../lib/gcc/arm-none-eabi/10.1.0/../../../../arm-none-eabi/lib/thumb/v7e-m+fp/hard\libm.a
LOAD c:/msys64/mingw64/bin/../lib/gcc/arm-none-eabi/10.1.0/../../../../arm-none-eabi/lib/thumb/v7e-m+fp/hard\libnosys.a
START GROUP
LOAD c:/msys64/mingw64/bin/../lib/gcc/arm-none-eabi/10.1.0/thumb/v7e-m+fp/hard\libgcc.a
LOAD c:/msys64/mingw64/bin/../lib/gcc/arm-none-eabi/10.1.0/../../../../arm-none-eabi/lib/thumb/v7e-m+fp/hard\libc_nano.a
END GROUP
START GROUP
LOAD c:/msys64/mingw64/bin/../lib/gcc/arm-none-eabi/10.1.0/thumb/v7e-m+fp/hard\libgcc.a
LOAD c:/msys64/mingw64/bin/../lib/gcc/arm-none-eabi/10.1.0/../../../../arm-none-eabi/lib/thumb/v7e-m+fp/hard\libc_nano.a
END GROUP
LOAD c:/msys64/mingw64/bin/../lib/gcc/arm-none-eabi/10.1.0/thumb/v7e-m+fp/hard/crtend.o
LOAD c:/msys64/mingw64/bin/../lib/gcc/arm-none-eabi/10.1.0/thumb/v7e-m+fp/hard/crtn.o
                0x000000002000a000                _estack = 0x2000a000
                0x0000000000000200                _Min_Heap_Size = 0x200
                0x0000000000000400                _Min_Stack_Size = 0x400

.isr_vector     0x0000000008000000      0x188
                0x0000000008000000                . = ALIGN (0x4)
 *(.isr_vector)
 .isr_vector    0x0000000008000000      0x188 build/startup_stm32f303xc.o
                0x0000000008000000                g_pfnVectors
                0x0000000008000188                . = ALIGN (0x4)

.text           0x0000000008000188     0x170c
                0x0000000008000188                . = ALIGN (0x4)
 *(.text)
 .text          0x0000000008000188       0x48 c:/msys64/mingw64/bin/../lib/gcc/arm-none-eabi/10.1.0/../../../../arm-none-eabi/lib/thumb/v7e-m+fp/hard\libc_nano.a(lib_a-init.o)
                0x0000000008000188                __libc_init_array
 .text          0x00000000080001d0       0xa0 c:/msys64/mingw64/bin/../lib/gcc/arm-none-eabi/10.1.0/../../../../arm-none-eabi/lib/thumb/v7e-m+fp/hard\libc_nano.a(lib_a-memset.o)
                0x00000000080001d0                memset
 *(.text*)
 .text.__do_global_dtors_aux
                0x0000000008000270       0x24 c:/msys64/mingw64/bin/../lib/gcc/arm-none-eabi/10.1.0/thumb/v7e-m+fp/hard/crtbegin.o
 .text.frame_dummy
                0x0000000008000294       0x1c c:/msys64/mingw64/bin/../lib/gcc/arm-none-eabi/10.1.0/thumb/v7e-m+fp/hard/crtbegin.o
 .text.MX_GPIO_Init
                0x00000000080002b0       0xc0 build/main.o
 .text.set_data_pins
                0x0000000008000370       0x2c build/main.o
                0x0000000008000370                set_data_pins
 .text.Error_Handler
                0x000000000800039c        0x4 build/main.o
                0x000000000800039c                Error_Handler
 .text.MX_I2C1_Init
                0x00000000080003a0       0x54 build/main.o
 .text.MX_SPI1_Init
                0x00000000080003f4       0x48 build/main.o
 .text.MX_USB_PCD_Init
                0x000000000800043c       0x2c build/main.o
 .text.SystemClock_Config
                0x0000000008000468       0x98 build/main.o
                0x0000000008000468                SystemClock_Config
 .text.main     0x0000000008000500       0x28 build/main.o
                0x0000000008000500                main
 .text.NMI_Handler
                0x0000000008000528        0x2 build/stm32f3xx_it.o
                0x0000000008000528                NMI_Handler
 .text.HardFault_Handler
                0x000000000800052a        0x2 build/stm32f3xx_it.o
                0x000000000800052a                HardFault_Handler
 .text.MemManage_Handler
                0x000000000800052c        0x2 build/stm32f3xx_it.o
                0x000000000800052c                MemManage_Handler
 .text.BusFault_Handler
                0x000000000800052e        0x2 build/stm32f3xx_it.o
                0x000000000800052e                BusFault_Handler
 .text.UsageFault_Handler
                0x0000000008000530        0x2 build/stm32f3xx_it.o
                0x0000000008000530                UsageFault_Handler
 .text.SVC_Handler
                0x0000000008000532        0x2 build/stm32f3xx_it.o
                0x0000000008000532                SVC_Handler
 .text.DebugMon_Handler
                0x0000000008000534        0x2 build/stm32f3xx_it.o
                0x0000000008000534                DebugMon_Handler
 .text.PendSV_Handler
                0x0000000008000536        0x2 build/stm32f3xx_it.o
                0x0000000008000536                PendSV_Handler
 .text.SysTick_Handler
                0x0000000008000538        0x8 build/stm32f3xx_it.o
                0x0000000008000538                SysTick_Handler
 .text.HAL_MspInit
                0x0000000008000540       0x3c build/stm32f3xx_hal_msp.o
                0x0000000008000540                HAL_MspInit
 .text.HAL_I2C_MspInit
                0x000000000800057c       0x6c build/stm32f3xx_hal_msp.o
                0x000000000800057c                HAL_I2C_MspInit
 .text.HAL_SPI_MspInit
                0x00000000080005e8       0x68 build/stm32f3xx_hal_msp.o
                0x00000000080005e8                HAL_SPI_MspInit
 .text.HAL_PCD_MspInit
                0x0000000008000650       0x68 build/stm32f3xx_hal_msp.o
                0x0000000008000650                HAL_PCD_MspInit
 .text.USB_DisableGlobalInt
                0x00000000080006b8       0x14 build/stm32f3xx_ll_usb.o
                0x00000000080006b8                USB_DisableGlobalInt
 .text.USB_DevInit
                0x00000000080006cc       0x22 build/stm32f3xx_ll_usb.o
                0x00000000080006cc                USB_DevInit
 .text.HAL_I2C_Init
                0x00000000080006ee       0xbc build/stm32f3xx_hal_i2c.o
                0x00000000080006ee                HAL_I2C_Init
 .text.HAL_I2CEx_ConfigAnalogFilter
                0x00000000080007aa       0x5c build/stm32f3xx_hal_i2c_ex.o
                0x00000000080007aa                HAL_I2CEx_ConfigAnalogFilter
 .text.HAL_I2CEx_ConfigDigitalFilter
                0x0000000008000806       0x58 build/stm32f3xx_hal_i2c_ex.o
                0x0000000008000806                HAL_I2CEx_ConfigDigitalFilter
 *fill*         0x000000000800085e        0x2 
 .text.HAL_InitTick
                0x0000000008000860       0x4c build/stm32f3xx_hal.o
                0x0000000008000860                HAL_InitTick
 .text.HAL_Init
                0x00000000080008ac       0x24 build/stm32f3xx_hal.o
                0x00000000080008ac                HAL_Init
 .text.HAL_IncTick
                0x00000000080008d0       0x18 build/stm32f3xx_hal.o
                0x00000000080008d0                HAL_IncTick
 .text.HAL_GetTick
                0x00000000080008e8        0xc build/stm32f3xx_hal.o
                0x00000000080008e8                HAL_GetTick
 .text.HAL_Delay
                0x00000000080008f4       0x28 build/stm32f3xx_hal.o
                0x00000000080008f4                HAL_Delay
 .text.HAL_RCC_OscConfig
                0x000000000800091c      0x634 build/stm32f3xx_hal_rcc.o
                0x000000000800091c                HAL_RCC_OscConfig
 .text.HAL_RCC_GetSysClockFreq
                0x0000000008000f50       0x70 build/stm32f3xx_hal_rcc.o
                0x0000000008000f50                HAL_RCC_GetSysClockFreq
 .text.HAL_RCC_ClockConfig
                0x0000000008000fc0      0x1a8 build/stm32f3xx_hal_rcc.o
                0x0000000008000fc0                HAL_RCC_ClockConfig
 .text.HAL_RCCEx_PeriphCLKConfig
                0x0000000008001168      0x260 build/stm32f3xx_hal_rcc_ex.o
                0x0000000008001168                HAL_RCCEx_PeriphCLKConfig
 .text.HAL_GPIO_Init
                0x00000000080013c8      0x1c8 build/stm32f3xx_hal_gpio.o
                0x00000000080013c8                HAL_GPIO_Init
 .text.HAL_GPIO_WritePin
                0x0000000008001590        0xa build/stm32f3xx_hal_gpio.o
                0x0000000008001590                HAL_GPIO_WritePin
 *fill*         0x000000000800159a        0x2 
 .text.HAL_NVIC_SetPriorityGrouping
                0x000000000800159c       0x24 build/stm32f3xx_hal_cortex.o
                0x000000000800159c                HAL_NVIC_SetPriorityGrouping
 .text.HAL_NVIC_SetPriority
                0x00000000080015c0       0x70 build/stm32f3xx_hal_cortex.o
                0x00000000080015c0                HAL_NVIC_SetPriority
 .text.HAL_SYSTICK_Config
                0x0000000008001630       0x28 build/stm32f3xx_hal_cortex.o
                0x0000000008001630                HAL_SYSTICK_Config
 .text.HAL_SPI_Init
                0x0000000008001658       0xe8 build/stm32f3xx_hal_spi.o
                0x0000000008001658                HAL_SPI_Init
 .text.HAL_PCD_Init
                0x0000000008001740       0xd2 build/stm32f3xx_hal_pcd.o
                0x0000000008001740                HAL_PCD_Init
 *fill*         0x0000000008001812        0x2 
 .text.SystemInit
                0x0000000008001814       0x14 build/system_stm32f3xx.o
                0x0000000008001814                SystemInit
 .text.Reset_Handler
                0x0000000008001828       0x50 build/startup_stm32f303xc.o
                0x0000000008001828                Reset_Handler
 .text.Default_Handler
                0x0000000008001878        0x2 build/startup_stm32f303xc.o
                0x0000000008001878                RTC_Alarm_IRQHandler
                0x0000000008001878                TIM8_TRG_COM_IRQHandler
                0x0000000008001878                TIM8_CC_IRQHandler
                0x0000000008001878                TIM1_CC_IRQHandler
                0x0000000008001878                USB_HP_IRQHandler
                0x0000000008001878                PVD_IRQHandler
                0x0000000008001878                TAMP_STAMP_IRQHandler
                0x0000000008001878                EXTI3_IRQHandler
                0x0000000008001878                USB_HP_CAN_TX_IRQHandler
                0x0000000008001878                EXTI0_IRQHandler
                0x0000000008001878                I2C2_EV_IRQHandler
                0x0000000008001878                FPU_IRQHandler
                0x0000000008001878                TIM1_UP_TIM16_IRQHandler
                0x0000000008001878                ADC1_2_IRQHandler
                0x0000000008001878                SPI1_IRQHandler
                0x0000000008001878                CAN_SCE_IRQHandler
                0x0000000008001878                TIM6_DAC_IRQHandler
                0x0000000008001878                TIM8_UP_IRQHandler
                0x0000000008001878                DMA2_Channel2_IRQHandler
                0x0000000008001878                DMA1_Channel4_IRQHandler
                0x0000000008001878                USART3_IRQHandler
                0x0000000008001878                DMA1_Channel7_IRQHandler
                0x0000000008001878                UART5_IRQHandler
                0x0000000008001878                ADC3_IRQHandler
                0x0000000008001878                TIM4_IRQHandler
                0x0000000008001878                CAN_RX1_IRQHandler
                0x0000000008001878                DMA2_Channel1_IRQHandler
                0x0000000008001878                I2C1_EV_IRQHandler
                0x0000000008001878                DMA1_Channel6_IRQHandler
                0x0000000008001878                UART4_IRQHandler
                0x0000000008001878                DMA2_Channel4_IRQHandler
                0x0000000008001878                TIM3_IRQHandler
                0x0000000008001878                RCC_IRQHandler
                0x0000000008001878                DMA1_Channel1_IRQHandler
                0x0000000008001878                Default_Handler
                0x0000000008001878                USBWakeUp_RMP_IRQHandler
                0x0000000008001878                EXTI15_10_IRQHandler
                0x0000000008001878                TIM7_IRQHandler
                0x0000000008001878                EXTI9_5_IRQHandler
                0x0000000008001878                RTC_WKUP_IRQHandler
                0x0000000008001878                SPI2_IRQHandler
                0x0000000008001878                USB_LP_CAN_RX0_IRQHandler
                0x0000000008001878                DMA2_Channel5_IRQHandler
                0x0000000008001878                DMA1_Channel5_IRQHandler
                0x0000000008001878                USB_LP_IRQHandler
                0x0000000008001878                EXTI4_IRQHandler
                0x0000000008001878                TIM1_TRG_COM_TIM17_IRQHandler
                0x0000000008001878                DMA1_Channel3_IRQHandler
                0x0000000008001878                ADC4_IRQHandler
                0x0000000008001878                WWDG_IRQHandler
                0x0000000008001878                TIM2_IRQHandler
                0x0000000008001878                COMP7_IRQHandler
                0x0000000008001878                COMP1_2_3_IRQHandler
                0x0000000008001878                EXTI1_IRQHandler
                0x0000000008001878                USART2_IRQHandler
                0x0000000008001878                COMP4_5_6_IRQHandler
                0x0000000008001878                I2C2_ER_IRQHandler
                0x0000000008001878                DMA1_Channel2_IRQHandler
                0x0000000008001878                TIM8_BRK_IRQHandler
                0x0000000008001878                FLASH_IRQHandler
                0x0000000008001878                USART1_IRQHandler
                0x0000000008001878                SPI3_IRQHandler
                0x0000000008001878                I2C1_ER_IRQHandler
                0x0000000008001878                USBWakeUp_IRQHandler
                0x0000000008001878                DMA2_Channel3_IRQHandler
                0x0000000008001878                EXTI2_TSC_IRQHandler
                0x0000000008001878                TIM1_BRK_TIM15_IRQHandler
 *(.glue_7)
 .glue_7        0x000000000800187a        0x0 linker stubs
 *(.glue_7t)
 .glue_7t       0x000000000800187a        0x0 linker stubs
 *(.eh_frame)
 *fill*         0x000000000800187a        0x2 
 .eh_frame      0x000000000800187c        0x0 c:/msys64/mingw64/bin/../lib/gcc/arm-none-eabi/10.1.0/thumb/v7e-m+fp/hard/crtbegin.o
 *(.init)
 .init          0x000000000800187c        0x4 c:/msys64/mingw64/bin/../lib/gcc/arm-none-eabi/10.1.0/thumb/v7e-m+fp/hard/crti.o
                0x000000000800187c                _init
 .init          0x0000000008001880        0x8 c:/msys64/mingw64/bin/../lib/gcc/arm-none-eabi/10.1.0/thumb/v7e-m+fp/hard/crtn.o
 *(.fini)
 .fini          0x0000000008001888        0x4 c:/msys64/mingw64/bin/../lib/gcc/arm-none-eabi/10.1.0/thumb/v7e-m+fp/hard/crti.o
                0x0000000008001888                _fini
 .fini          0x000000000800188c        0x8 c:/msys64/mingw64/bin/../lib/gcc/arm-none-eabi/10.1.0/thumb/v7e-m+fp/hard/crtn.o
                0x0000000008001894                . = ALIGN (0x4)
                0x0000000008001894                _etext = .

.vfp11_veneer   0x0000000008001894        0x0
 .vfp11_veneer  0x0000000008001894        0x0 linker stubs

.v4_bx          0x0000000008001894        0x0
 .v4_bx         0x0000000008001894        0x0 linker stubs

.iplt           0x0000000008001894        0x0
 .iplt          0x0000000008001894        0x0 c:/msys64/mingw64/bin/../lib/gcc/arm-none-eabi/10.1.0/thumb/v7e-m+fp/hard/crtbegin.o

.rodata         0x0000000008001894       0x30
                0x0000000008001894                . = ALIGN (0x4)
 *(.rodata)
 *(.rodata*)
 .rodata.aPLLMULFactorTable
                0x0000000008001894       0x10 build/stm32f3xx_hal_rcc.o
                0x0000000008001894                aPLLMULFactorTable
 .rodata.aPredivFactorTable
                0x00000000080018a4       0x10 build/stm32f3xx_hal_rcc.o
                0x00000000080018a4                aPredivFactorTable
 .rodata.AHBPrescTable
                0x00000000080018b4       0x10 build/system_stm32f3xx.o
                0x00000000080018b4                AHBPrescTable
                0x00000000080018c4                . = ALIGN (0x4)

.rel.dyn        0x00000000080018c4        0x0
 .rel.iplt      0x00000000080018c4        0x0 c:/msys64/mingw64/bin/../lib/gcc/arm-none-eabi/10.1.0/thumb/v7e-m+fp/hard/crtbegin.o

.ARM.extab
 *(.ARM.extab* .gnu.linkonce.armextab.*)

.ARM            0x00000000080018c4        0x0
                0x00000000080018c4                __exidx_start = .
 *(.ARM.exidx*)
                0x00000000080018c4                __exidx_end = .

.preinit_array  0x00000000080018c4        0x0
                0x00000000080018c4                PROVIDE (__preinit_array_start = .)
 *(.preinit_array*)
                0x00000000080018c4                PROVIDE (__preinit_array_end = .)

.init_array     0x00000000080018c4        0x4
                0x00000000080018c4                PROVIDE (__init_array_start = .)
 *(SORT_BY_NAME(.init_array.*))
 *(.init_array*)
 .init_array    0x00000000080018c4        0x4 c:/msys64/mingw64/bin/../lib/gcc/arm-none-eabi/10.1.0/thumb/v7e-m+fp/hard/crtbegin.o
                0x00000000080018c8                PROVIDE (__init_array_end = .)

.fini_array     0x00000000080018c8        0x4
                0x00000000080018c8                PROVIDE (__fini_array_start = .)
 *(SORT_BY_NAME(.fini_array.*))
 *(.fini_array*)
 .fini_array    0x00000000080018c8        0x4 c:/msys64/mingw64/bin/../lib/gcc/arm-none-eabi/10.1.0/thumb/v7e-m+fp/hard/crtbegin.o
                0x00000000080018cc                PROVIDE (__fini_array_end = .)
                0x00000000080018cc                _sidata = LOADADDR (.data)

.data           0x0000000020000000        0xc load address 0x00000000080018cc
                0x0000000020000000                . = ALIGN (0x4)
                0x0000000020000000                _sdata = .
 *(.data)
 *(.data*)
 .data.uwTickFreq
                0x0000000020000000        0x1 build/stm32f3xx_hal.o
                0x0000000020000000                uwTickFreq
 *fill*         0x0000000020000001        0x3 
 .data.uwTickPrio
                0x0000000020000004        0x4 build/stm32f3xx_hal.o
                0x0000000020000004                uwTickPrio
 .data.SystemCoreClock
                0x0000000020000008        0x4 build/system_stm32f3xx.o
                0x0000000020000008                SystemCoreClock
                0x000000002000000c                . = ALIGN (0x4)
                0x000000002000000c                _edata = .
                0x00000000080018d8                _siccmram = LOADADDR (.ccmram)

.igot.plt       0x000000002000000c        0x0 load address 0x00000000080018d8
 .igot.plt      0x000000002000000c        0x0 c:/msys64/mingw64/bin/../lib/gcc/arm-none-eabi/10.1.0/thumb/v7e-m+fp/hard/crtbegin.o

.ccmram         0x0000000010000000        0x0 load address 0x00000000080018d8
                0x0000000010000000                . = ALIGN (0x4)
                0x0000000010000000                _sccmram = .
 *(.ccmram)
 *(.ccmram*)
                0x0000000010000000                . = ALIGN (0x4)
                0x0000000010000000                _eccmram = .
                0x0000000010000000                . = ALIGN (0x4)

.bss            0x000000002000000c      0x3bc
                0x000000002000000c                _sbss = .
                0x000000002000000c                __bss_start__ = _sbss
 *(.bss)
 *(.bss*)
 .bss.completed.1
                0x000000002000000c        0x1 c:/msys64/mingw64/bin/../lib/gcc/arm-none-eabi/10.1.0/thumb/v7e-m+fp/hard/crtbegin.o
 *fill*         0x000000002000000d        0x3 
 .bss.object.0  0x0000000020000010       0x18 c:/msys64/mingw64/bin/../lib/gcc/arm-none-eabi/10.1.0/thumb/v7e-m+fp/hard/crtbegin.o
 .bss.hi2c1     0x0000000020000028       0x4c build/main.o
                0x0000000020000028                hi2c1
 .bss.hpcd_USB_FS
                0x0000000020000074      0x2ec build/main.o
                0x0000000020000074                hpcd_USB_FS
 .bss.hspi1     0x0000000020000360       0x64 build/main.o
                0x0000000020000360                hspi1
 .bss.uwTick    0x00000000200003c4        0x4 build/stm32f3xx_hal.o
                0x00000000200003c4                uwTick
 *(COMMON)
                0x00000000200003c8                . = ALIGN (0x4)
                0x00000000200003c8                _ebss = .
                0x00000000200003c8                __bss_end__ = _ebss

._user_heap_stack
                0x00000000200003c8      0x600
                0x00000000200003c8                . = ALIGN (0x8)
                [!provide]                        PROVIDE (end = .)
                [!provide]                        PROVIDE (_end = .)
                0x00000000200005c8                . = (. + _Min_Heap_Size)
 *fill*         0x00000000200003c8      0x200 
                0x00000000200009c8                . = (. + _Min_Stack_Size)
 *fill*         0x00000000200005c8      0x400 
                0x00000000200009c8                . = ALIGN (0x8)

/DISCARD/
 libc.a(*)
 libm.a(*)
 libgcc.a(*)

.ARM.attributes
                0x0000000000000000       0x30
 *(.ARM.attributes)
 .ARM.attributes
                0x0000000000000000       0x1e c:/msys64/mingw64/bin/../lib/gcc/arm-none-eabi/10.1.0/thumb/v7e-m+fp/hard/crti.o
 .ARM.attributes
                0x000000000000001e       0x34 c:/msys64/mingw64/bin/../lib/gcc/arm-none-eabi/10.1.0/thumb/v7e-m+fp/hard/crtbegin.o
 .ARM.attributes
                0x0000000000000052       0x34 build/main.o
 .ARM.attributes
                0x0000000000000086       0x34 build/stm32f3xx_it.o
 .ARM.attributes
                0x00000000000000ba       0x34 build/stm32f3xx_hal_msp.o
 .ARM.attributes
                0x00000000000000ee       0x34 build/stm32f3xx_ll_usb.o
 .ARM.attributes
                0x0000000000000122       0x34 build/stm32f3xx_hal_i2c.o
 .ARM.attributes
                0x0000000000000156       0x34 build/stm32f3xx_hal_i2c_ex.o
 .ARM.attributes
                0x000000000000018a       0x34 build/stm32f3xx_hal.o
 .ARM.attributes
                0x00000000000001be       0x34 build/stm32f3xx_hal_rcc.o
 .ARM.attributes
                0x00000000000001f2       0x34 build/stm32f3xx_hal_rcc_ex.o
 .ARM.attributes
                0x0000000000000226       0x34 build/stm32f3xx_hal_gpio.o
 .ARM.attributes
                0x000000000000025a       0x34 build/stm32f3xx_hal_cortex.o
 .ARM.attributes
                0x000000000000028e       0x34 build/stm32f3xx_hal_spi.o
 .ARM.attributes
                0x00000000000002c2       0x34 build/stm32f3xx_hal_pcd.o
 .ARM.attributes
                0x00000000000002f6       0x34 build/system_stm32f3xx.o
 .ARM.attributes
                0x000000000000032a       0x21 build/startup_stm32f303xc.o
 .ARM.attributes
                0x000000000000034b       0x34 c:/msys64/mingw64/bin/../lib/gcc/arm-none-eabi/10.1.0/../../../../arm-none-eabi/lib/thumb/v7e-m+fp/hard\libc_nano.a(lib_a-init.o)
 .ARM.attributes
                0x000000000000037f       0x34 c:/msys64/mingw64/bin/../lib/gcc/arm-none-eabi/10.1.0/../../../../arm-none-eabi/lib/thumb/v7e-m+fp/hard\libc_nano.a(lib_a-memset.o)
 .ARM.attributes
                0x00000000000003b3       0x1e c:/msys64/mingw64/bin/../lib/gcc/arm-none-eabi/10.1.0/thumb/v7e-m+fp/hard/crtn.o
OUTPUT(build/sst39-flash.elf elf32-littlearm)
LOAD linker stubs
LOAD c:/msys64/mingw64/bin/../lib/gcc/arm-none-eabi/10.1.0/../../../../arm-none-eabi/lib/thumb/v7e-m+fp/hard\libc.a
LOAD c:/msys64/mingw64/bin/../lib/gcc/arm-none-eabi/10.1.0/../../../../arm-none-eabi/lib/thumb/v7e-m+fp/hard\libm.a
LOAD c:/msys64/mingw64/bin/../lib/gcc/arm-none-eabi/10.1.0/thumb/v7e-m+fp/hard\libgcc.a

.debug_info     0x0000000000000000    0x116f2
 .debug_info    0x0000000000000000     0x1827 build/main.o
 .debug_info    0x0000000000001827      0x15b build/stm32f3xx_it.o
 .debug_info    0x0000000000001982     0x13c3 build/stm32f3xx_hal_msp.o
 .debug_info    0x0000000000002d45     0x1a36 build/stm32f3xx_ll_usb.o
 .debug_info    0x000000000000477b     0x4136 build/stm32f3xx_hal_i2c.o
 .debug_info    0x00000000000088b1      0x966 build/stm32f3xx_hal_i2c_ex.o
 .debug_info    0x0000000000009217      0x932 build/stm32f3xx_hal.o
 .debug_info    0x0000000000009b49     0x16de build/stm32f3xx_hal_rcc.o
 .debug_info    0x000000000000b227      0x7f1 build/stm32f3xx_hal_rcc_ex.o
 .debug_info    0x000000000000ba18      0x744 build/stm32f3xx_hal_gpio.o
 .debug_info    0x000000000000c15c     0x10cf build/stm32f3xx_hal_cortex.o
 .debug_info    0x000000000000d22b     0x231b build/stm32f3xx_hal_spi.o
 .debug_info    0x000000000000f546     0x1d0d build/stm32f3xx_hal_pcd.o
 .debug_info    0x0000000000011253      0x47d build/system_stm32f3xx.o
 .debug_info    0x00000000000116d0       0x22 build/startup_stm32f303xc.o

.debug_abbrev   0x0000000000000000     0x2018
 .debug_abbrev  0x0000000000000000      0x28c build/main.o
 .debug_abbrev  0x000000000000028c       0x81 build/stm32f3xx_it.o
 .debug_abbrev  0x000000000000030d      0x1e0 build/stm32f3xx_hal_msp.o
 .debug_abbrev  0x00000000000004ed      0x2ed build/stm32f3xx_ll_usb.o
 .debug_abbrev  0x00000000000007da      0x2a9 build/stm32f3xx_hal_i2c.o
 .debug_abbrev  0x0000000000000a83      0x1b5 build/stm32f3xx_hal_i2c_ex.o
 .debug_abbrev  0x0000000000000c38      0x20a build/stm32f3xx_hal.o
 .debug_abbrev  0x0000000000000e42      0x323 build/stm32f3xx_hal_rcc.o
 .debug_abbrev  0x0000000000001165      0x278 build/stm32f3xx_hal_rcc_ex.o
 .debug_abbrev  0x00000000000013dd      0x222 build/stm32f3xx_hal_gpio.o
 .debug_abbrev  0x00000000000015ff      0x382 build/stm32f3xx_hal_cortex.o
 .debug_abbrev  0x0000000000001981      0x278 build/stm32f3xx_hal_spi.o
 .debug_abbrev  0x0000000000001bf9      0x2f2 build/stm32f3xx_hal_pcd.o
 .debug_abbrev  0x0000000000001eeb      0x11b build/system_stm32f3xx.o
 .debug_abbrev  0x0000000000002006       0x12 build/startup_stm32f303xc.o

.debug_loc      0x0000000000000000     0xd90b
 .debug_loc     0x0000000000000000      0x166 build/main.o
 .debug_loc     0x0000000000000166       0x20 build/stm32f3xx_it.o
 .debug_loc     0x0000000000000186      0x2d3 build/stm32f3xx_hal_msp.o
 .debug_loc     0x0000000000000459     0x1902 build/stm32f3xx_ll_usb.o
 .debug_loc     0x0000000000001d5b     0x50a9 build/stm32f3xx_hal_i2c.o
 .debug_loc     0x0000000000006e04      0x25a build/stm32f3xx_hal_i2c_ex.o
 .debug_loc     0x000000000000705e      0x1e1 build/stm32f3xx_hal.o
 .debug_loc     0x000000000000723f      0xf4c build/stm32f3xx_hal_rcc.o
 .debug_loc     0x000000000000818b      0xafc build/stm32f3xx_hal_rcc_ex.o
 .debug_loc     0x0000000000008c87      0x46f build/stm32f3xx_hal_gpio.o
 .debug_loc     0x00000000000090f6      0x7a4 build/stm32f3xx_hal_cortex.o
 .debug_loc     0x000000000000989a     0x27b8 build/stm32f3xx_hal_spi.o
 .debug_loc     0x000000000000c052     0x1796 build/stm32f3xx_hal_pcd.o
 .debug_loc     0x000000000000d7e8      0x123 build/system_stm32f3xx.o

.debug_aranges  0x0000000000000000      0xa90
 .debug_aranges
                0x0000000000000000       0x58 build/main.o
 .debug_aranges
                0x0000000000000058       0x60 build/stm32f3xx_it.o
 .debug_aranges
                0x00000000000000b8       0x50 build/stm32f3xx_hal_msp.o
 .debug_aranges
                0x0000000000000108       0xb0 build/stm32f3xx_ll_usb.o
 .debug_aranges
                0x00000000000001b8      0x290 build/stm32f3xx_hal_i2c.o
 .debug_aranges
                0x0000000000000448       0x48 build/stm32f3xx_hal_i2c_ex.o
 .debug_aranges
                0x0000000000000490       0xe0 build/stm32f3xx_hal.o
 .debug_aranges
                0x0000000000000570       0x88 build/stm32f3xx_hal_rcc.o
 .debug_aranges
                0x00000000000005f8       0x38 build/stm32f3xx_hal_rcc_ex.o
 .debug_aranges
                0x0000000000000630       0x58 build/stm32f3xx_hal_gpio.o
 .debug_aranges
                0x0000000000000688       0xa8 build/stm32f3xx_hal_cortex.o
 .debug_aranges
                0x0000000000000730      0x1d8 build/stm32f3xx_hal_spi.o
 .debug_aranges
                0x0000000000000908      0x138 build/stm32f3xx_hal_pcd.o
 .debug_aranges
                0x0000000000000a40       0x28 build/system_stm32f3xx.o
 .debug_aranges
                0x0000000000000a68       0x28 build/startup_stm32f303xc.o

.debug_ranges   0x0000000000000000      0xd40
 .debug_ranges  0x0000000000000000       0x48 build/main.o
 .debug_ranges  0x0000000000000048       0x50 build/stm32f3xx_it.o
 .debug_ranges  0x0000000000000098       0x40 build/stm32f3xx_hal_msp.o
 .debug_ranges  0x00000000000000d8      0x2d8 build/stm32f3xx_ll_usb.o
 .debug_ranges  0x00000000000003b0      0x280 build/stm32f3xx_hal_i2c.o
 .debug_ranges  0x0000000000000630       0x38 build/stm32f3xx_hal_i2c_ex.o
 .debug_ranges  0x0000000000000668       0xd0 build/stm32f3xx_hal.o
 .debug_ranges  0x0000000000000738       0x98 build/stm32f3xx_hal_rcc.o
 .debug_ranges  0x00000000000007d0       0x28 build/stm32f3xx_hal_rcc_ex.o
 .debug_ranges  0x00000000000007f8       0x48 build/stm32f3xx_hal_gpio.o
 .debug_ranges  0x0000000000000840       0xf8 build/stm32f3xx_hal_cortex.o
 .debug_ranges  0x0000000000000938      0x1c8 build/stm32f3xx_hal_spi.o
 .debug_ranges  0x0000000000000b00      0x208 build/stm32f3xx_hal_pcd.o
 .debug_ranges  0x0000000000000d08       0x18 build/system_stm32f3xx.o
 .debug_ranges  0x0000000000000d20       0x20 build/startup_stm32f303xc.o

.debug_line     0x0000000000000000     0xe072
 .debug_line    0x0000000000000000      0x5da build/main.o
 .debug_line    0x00000000000005da      0x177 build/stm32f3xx_it.o
 .debug_line    0x0000000000000751      0x3b8 build/stm32f3xx_hal_msp.o
 .debug_line    0x0000000000000b09     0x17a0 build/stm32f3xx_ll_usb.o
 .debug_line    0x00000000000022a9     0x480d build/stm32f3xx_hal_i2c.o
 .debug_line    0x0000000000006ab6      0x473 build/stm32f3xx_hal_i2c_ex.o
 .debug_line    0x0000000000006f29      0x4d6 build/stm32f3xx_hal.o
 .debug_line    0x00000000000073ff     0x1171 build/stm32f3xx_hal_rcc.o
 .debug_line    0x0000000000008570      0xab6 build/stm32f3xx_hal_rcc_ex.o
 .debug_line    0x0000000000009026      0x624 build/stm32f3xx_hal_gpio.o
 .debug_line    0x000000000000964a      0x6fb build/stm32f3xx_hal_cortex.o
 .debug_line    0x0000000000009d45     0x290c build/stm32f3xx_hal_spi.o
 .debug_line    0x000000000000c651     0x17b2 build/stm32f3xx_hal_pcd.o
 .debug_line    0x000000000000de03      0x1f9 build/system_stm32f3xx.o
 .debug_line    0x000000000000dffc       0x76 build/startup_stm32f303xc.o

.debug_str      0x0000000000000000     0x3512
 .debug_str     0x0000000000000000      0xf02 build/main.o
                                        0xff6 (size before relaxing)
 .debug_str     0x0000000000000f02       0xb4 build/stm32f3xx_it.o
                                        0x200 (size before relaxing)
 .debug_str     0x0000000000000fb6       0xcb build/stm32f3xx_hal_msp.o
                                        0xcb4 (size before relaxing)
 .debug_str     0x0000000000001081      0x24f build/stm32f3xx_ll_usb.o
                                        0x611 (size before relaxing)
 .debug_str     0x00000000000012d0      0x8a2 build/stm32f3xx_hal_i2c.o
                                        0xf59 (size before relaxing)
 .debug_str     0x0000000000001b72       0xd1 build/stm32f3xx_hal_i2c_ex.o
                                        0x7b6 (size before relaxing)
 .debug_str     0x0000000000001c43      0x721 build/stm32f3xx_hal.o
                                        0x981 (size before relaxing)
 .debug_str     0x0000000000002364      0x1fb build/stm32f3xx_hal_rcc.o
                                        0x653 (size before relaxing)
 .debug_str     0x000000000000255f       0xc5 build/stm32f3xx_hal_rcc_ex.o
                                        0x50f (size before relaxing)
 .debug_str     0x0000000000002624      0x10f build/stm32f3xx_hal_gpio.o
                                        0x406 (size before relaxing)
 .debug_str     0x0000000000002733      0x4a9 build/stm32f3xx_hal_cortex.o
                                        0xb3b (size before relaxing)
 .debug_str     0x0000000000002bdc      0x564 build/stm32f3xx_hal_spi.o
                                        0xbb8 (size before relaxing)
 .debug_str     0x0000000000003140      0x35e build/stm32f3xx_hal_pcd.o
                                        0xa5f (size before relaxing)
 .debug_str     0x000000000000349e       0x52 build/system_stm32f3xx.o
                                        0x2ab (size before relaxing)
 .debug_str     0x00000000000034f0       0x22 build/startup_stm32f303xc.o
                                         0x4c (size before relaxing)

.comment        0x0000000000000000       0x12
 .comment       0x0000000000000000       0x12 build/main.o
                                         0x13 (size before relaxing)
 .comment       0x0000000000000012       0x13 build/stm32f3xx_it.o
 .comment       0x0000000000000012       0x13 build/stm32f3xx_hal_msp.o
 .comment       0x0000000000000012       0x13 build/stm32f3xx_ll_usb.o
 .comment       0x0000000000000012       0x13 build/stm32f3xx_hal_i2c.o
 .comment       0x0000000000000012       0x13 build/stm32f3xx_hal_i2c_ex.o
 .comment       0x0000000000000012       0x13 build/stm32f3xx_hal.o
 .comment       0x0000000000000012       0x13 build/stm32f3xx_hal_rcc.o
 .comment       0x0000000000000012       0x13 build/stm32f3xx_hal_rcc_ex.o
 .comment       0x0000000000000012       0x13 build/stm32f3xx_hal_gpio.o
 .comment       0x0000000000000012       0x13 build/stm32f3xx_hal_cortex.o
 .comment       0x0000000000000012       0x13 build/stm32f3xx_hal_spi.o
 .comment       0x0000000000000012       0x13 build/stm32f3xx_hal_pcd.o
 .comment       0x0000000000000012       0x13 build/system_stm32f3xx.o

.debug_frame    0x0000000000000000     0x1cfc
 .debug_frame   0x0000000000000000       0xe0 build/main.o
 .debug_frame   0x00000000000000e0       0xa8 build/stm32f3xx_it.o
 .debug_frame   0x0000000000000188       0xd4 build/stm32f3xx_hal_msp.o
 .debug_frame   0x000000000000025c      0x17c build/stm32f3xx_ll_usb.o
 .debug_frame   0x00000000000003d8      0x934 build/stm32f3xx_hal_i2c.o
 .debug_frame   0x0000000000000d0c       0x80 build/stm32f3xx_hal_i2c_ex.o
 .debug_frame   0x0000000000000d8c      0x1cc build/stm32f3xx_hal.o
 .debug_frame   0x0000000000000f58      0x16c build/stm32f3xx_hal_rcc.o
 .debug_frame   0x00000000000010c4       0x7c build/stm32f3xx_hal_rcc_ex.o
 .debug_frame   0x0000000000001140       0xd0 build/stm32f3xx_hal_gpio.o
 .debug_frame   0x0000000000001210      0x148 build/stm32f3xx_hal_cortex.o
 .debug_frame   0x0000000000001358      0x5d8 build/stm32f3xx_hal_spi.o
 .debug_frame   0x0000000000001930      0x338 build/stm32f3xx_hal_pcd.o
 .debug_frame   0x0000000000001c68       0x30 build/system_stm32f3xx.o
 .debug_frame   0x0000000000001c98       0x2c c:/msys64/mingw64/bin/../lib/gcc/arm-none-eabi/10.1.0/../../../../arm-none-eabi/lib/thumb/v7e-m+fp/hard\libc_nano.a(lib_a-init.o)
 .debug_frame   0x0000000000001cc4       0x38 c:/msys64/mingw64/bin/../lib/gcc/arm-none-eabi/10.1.0/../../../../arm-none-eabi/lib/thumb/v7e-m+fp/hard\libc_nano.a(lib_a-memset.o)

Cross Reference Table

Symbol                                            File
ADC1_2_IRQHandler                                 build/startup_stm32f303xc.o
ADC3_IRQHandler                                   build/startup_stm32f303xc.o
ADC4_IRQHandler                                   build/startup_stm32f303xc.o
AHBPrescTable                                     build/system_stm32f3xx.o
                                                  build/stm32f3xx_hal_rcc.o
APBPrescTable                                     build/system_stm32f3xx.o
                                                  build/stm32f3xx_hal_rcc.o
BusFault_Handler                                  build/stm32f3xx_it.o
CAN_RX1_IRQHandler                                build/startup_stm32f303xc.o
CAN_SCE_IRQHandler                                build/startup_stm32f303xc.o
COMP1_2_3_IRQHandler                              build/startup_stm32f303xc.o
COMP4_5_6_IRQHandler                              build/startup_stm32f303xc.o
COMP7_IRQHandler                                  build/startup_stm32f303xc.o
DMA1_Channel1_IRQHandler                          build/startup_stm32f303xc.o
DMA1_Channel2_IRQHandler                          build/startup_stm32f303xc.o
DMA1_Channel3_IRQHandler                          build/startup_stm32f303xc.o
DMA1_Channel4_IRQHandler                          build/startup_stm32f303xc.o
DMA1_Channel5_IRQHandler                          build/startup_stm32f303xc.o
DMA1_Channel6_IRQHandler                          build/startup_stm32f303xc.o
DMA1_Channel7_IRQHandler                          build/startup_stm32f303xc.o
DMA2_Channel1_IRQHandler                          build/startup_stm32f303xc.o
DMA2_Channel2_IRQHandler                          build/startup_stm32f303xc.o
DMA2_Channel3_IRQHandler                          build/startup_stm32f303xc.o
DMA2_Channel4_IRQHandler                          build/startup_stm32f303xc.o
DMA2_Channel5_IRQHandler                          build/startup_stm32f303xc.o
DebugMon_Handler                                  build/stm32f3xx_it.o
Default_Handler                                   build/startup_stm32f303xc.o
EXTI0_IRQHandler                                  build/startup_stm32f303xc.o
EXTI15_10_IRQHandler                              build/startup_stm32f303xc.o
EXTI1_IRQHandler                                  build/startup_stm32f303xc.o
EXTI2_TSC_IRQHandler                              build/startup_stm32f303xc.o
EXTI3_IRQHandler                                  build/startup_stm32f303xc.o
EXTI4_IRQHandler                                  build/startup_stm32f303xc.o
EXTI9_5_IRQHandler                                build/startup_stm32f303xc.o
Error_Handler                                     build/main.o
FLASH_IRQHandler                                  build/startup_stm32f303xc.o
FLASH_PageErase                                   build/stm32f3xx_hal_flash_ex.o
                                                  build/stm32f3xx_hal_flash.o
FLASH_WaitForLastOperation                        build/stm32f3xx_hal_flash.o
                                                  build/stm32f3xx_hal_flash_ex.o
FPU_IRQHandler                                    build/startup_stm32f303xc.o
HAL_DBGMCU_DisableDBGSleepMode                    build/stm32f3xx_hal.o
HAL_DBGMCU_DisableDBGStandbyMode                  build/stm32f3xx_hal.o
HAL_DBGMCU_DisableDBGStopMode                     build/stm32f3xx_hal.o
HAL_DBGMCU_EnableDBGSleepMode                     build/stm32f3xx_hal.o
HAL_DBGMCU_EnableDBGStandbyMode                   build/stm32f3xx_hal.o
HAL_DBGMCU_EnableDBGStopMode                      build/stm32f3xx_hal.o
HAL_DMA_Abort                                     build/stm32f3xx_hal_dma.o
                                                  build/stm32f3xx_hal_spi.o
HAL_DMA_Abort_IT                                  build/stm32f3xx_hal_dma.o
                                                  build/stm32f3xx_hal_spi.o
                                                  build/stm32f3xx_hal_i2c.o
HAL_DMA_DeInit                                    build/stm32f3xx_hal_dma.o
HAL_DMA_GetError                                  build/stm32f3xx_hal_dma.o
HAL_DMA_GetState                                  build/stm32f3xx_hal_dma.o
                                                  build/stm32f3xx_hal_i2c.o
HAL_DMA_IRQHandler                                build/stm32f3xx_hal_dma.o
HAL_DMA_Init                                      build/stm32f3xx_hal_dma.o
HAL_DMA_PollForTransfer                           build/stm32f3xx_hal_dma.o
HAL_DMA_RegisterCallback                          build/stm32f3xx_hal_dma.o
HAL_DMA_Start                                     build/stm32f3xx_hal_dma.o
HAL_DMA_Start_IT                                  build/stm32f3xx_hal_dma.o
                                                  build/stm32f3xx_hal_spi.o
                                                  build/stm32f3xx_hal_i2c.o
HAL_DMA_UnRegisterCallback                        build/stm32f3xx_hal_dma.o
HAL_DeInit                                        build/stm32f3xx_hal.o
HAL_Delay                                         build/stm32f3xx_hal.o
                                                  build/main.o
HAL_EXTI_ClearConfigLine                          build/stm32f3xx_hal_exti.o
HAL_EXTI_ClearPending                             build/stm32f3xx_hal_exti.o
HAL_EXTI_GenerateSWI                              build/stm32f3xx_hal_exti.o
HAL_EXTI_GetConfigLine                            build/stm32f3xx_hal_exti.o
HAL_EXTI_GetHandle                                build/stm32f3xx_hal_exti.o
HAL_EXTI_GetPending                               build/stm32f3xx_hal_exti.o
HAL_EXTI_IRQHandler                               build/stm32f3xx_hal_exti.o
HAL_EXTI_RegisterCallback                         build/stm32f3xx_hal_exti.o
HAL_EXTI_SetConfigLine                            build/stm32f3xx_hal_exti.o
HAL_FLASHEx_Erase                                 build/stm32f3xx_hal_flash_ex.o
HAL_FLASHEx_Erase_IT                              build/stm32f3xx_hal_flash_ex.o
HAL_FLASHEx_OBErase                               build/stm32f3xx_hal_flash_ex.o
HAL_FLASHEx_OBGetConfig                           build/stm32f3xx_hal_flash_ex.o
HAL_FLASHEx_OBGetUserData                         build/stm32f3xx_hal_flash_ex.o
HAL_FLASHEx_OBProgram                             build/stm32f3xx_hal_flash_ex.o
HAL_FLASH_EndOfOperationCallback                  build/stm32f3xx_hal_flash.o
HAL_FLASH_GetError                                build/stm32f3xx_hal_flash.o
HAL_FLASH_IRQHandler                              build/stm32f3xx_hal_flash.o
HAL_FLASH_Lock                                    build/stm32f3xx_hal_flash.o
HAL_FLASH_OB_Launch                               build/stm32f3xx_hal_flash.o
HAL_FLASH_OB_Lock                                 build/stm32f3xx_hal_flash.o
HAL_FLASH_OB_Unlock                               build/stm32f3xx_hal_flash.o
HAL_FLASH_OperationErrorCallback                  build/stm32f3xx_hal_flash.o
HAL_FLASH_Program                                 build/stm32f3xx_hal_flash.o
HAL_FLASH_Program_IT                              build/stm32f3xx_hal_flash.o
HAL_FLASH_Unlock                                  build/stm32f3xx_hal_flash.o
HAL_GPIO_DeInit                                   build/stm32f3xx_hal_gpio.o
                                                  build/stm32f3xx_hal_msp.o
HAL_GPIO_EXTI_Callback                            build/stm32f3xx_hal_gpio.o
HAL_GPIO_EXTI_IRQHandler                          build/stm32f3xx_hal_gpio.o
HAL_GPIO_Init                                     build/stm32f3xx_hal_gpio.o
                                                  build/stm32f3xx_hal_rcc.o
                                                  build/stm32f3xx_hal_msp.o
                                                  build/main.o
HAL_GPIO_LockPin                                  build/stm32f3xx_hal_gpio.o
HAL_GPIO_ReadPin                                  build/stm32f3xx_hal_gpio.o
HAL_GPIO_TogglePin                                build/stm32f3xx_hal_gpio.o
HAL_GPIO_WritePin                                 build/stm32f3xx_hal_gpio.o
                                                  build/main.o
HAL_GetDEVID                                      build/stm32f3xx_hal.o
HAL_GetHalVersion                                 build/stm32f3xx_hal.o
HAL_GetREVID                                      build/stm32f3xx_hal.o
HAL_GetTick                                       build/stm32f3xx_hal.o
                                                  build/stm32f3xx_hal_spi.o
                                                  build/stm32f3xx_hal_flash.o
                                                  build/stm32f3xx_hal_dma.o
                                                  build/stm32f3xx_hal_rcc_ex.o
                                                  build/stm32f3xx_hal_rcc.o
                                                  build/stm32f3xx_hal_i2c.o
HAL_GetTickFreq                                   build/stm32f3xx_hal.o
HAL_GetTickPrio                                   build/stm32f3xx_hal.o
HAL_GetUIDw0                                      build/stm32f3xx_hal.o
HAL_GetUIDw1                                      build/stm32f3xx_hal.o
HAL_GetUIDw2                                      build/stm32f3xx_hal.o
HAL_I2CEx_ConfigAnalogFilter                      build/stm32f3xx_hal_i2c_ex.o
                                                  build/main.o
HAL_I2CEx_ConfigDigitalFilter                     build/stm32f3xx_hal_i2c_ex.o
                                                  build/main.o
HAL_I2CEx_DisableFastModePlus                     build/stm32f3xx_hal_i2c_ex.o
HAL_I2CEx_DisableWakeUp                           build/stm32f3xx_hal_i2c_ex.o
HAL_I2CEx_EnableFastModePlus                      build/stm32f3xx_hal_i2c_ex.o
HAL_I2CEx_EnableWakeUp                            build/stm32f3xx_hal_i2c_ex.o
HAL_I2C_AbortCpltCallback                         build/stm32f3xx_hal_i2c.o
HAL_I2C_AddrCallback                              build/stm32f3xx_hal_i2c.o
HAL_I2C_DeInit                                    build/stm32f3xx_hal_i2c.o
HAL_I2C_DisableListen_IT                          build/stm32f3xx_hal_i2c.o
HAL_I2C_ER_IRQHandler                             build/stm32f3xx_hal_i2c.o
HAL_I2C_EV_IRQHandler                             build/stm32f3xx_hal_i2c.o
HAL_I2C_EnableListen_IT                           build/stm32f3xx_hal_i2c.o
HAL_I2C_ErrorCallback                             build/stm32f3xx_hal_i2c.o
HAL_I2C_GetError                                  build/stm32f3xx_hal_i2c.o
HAL_I2C_GetMode                                   build/stm32f3xx_hal_i2c.o
HAL_I2C_GetState                                  build/stm32f3xx_hal_i2c.o
HAL_I2C_Init                                      build/stm32f3xx_hal_i2c.o
                                                  build/main.o
HAL_I2C_IsDeviceReady                             build/stm32f3xx_hal_i2c.o
HAL_I2C_ListenCpltCallback                        build/stm32f3xx_hal_i2c.o
HAL_I2C_MasterRxCpltCallback                      build/stm32f3xx_hal_i2c.o
HAL_I2C_MasterTxCpltCallback                      build/stm32f3xx_hal_i2c.o
HAL_I2C_Master_Abort_IT                           build/stm32f3xx_hal_i2c.o
HAL_I2C_Master_Receive                            build/stm32f3xx_hal_i2c.o
HAL_I2C_Master_Receive_DMA                        build/stm32f3xx_hal_i2c.o
HAL_I2C_Master_Receive_IT                         build/stm32f3xx_hal_i2c.o
HAL_I2C_Master_Seq_Receive_DMA                    build/stm32f3xx_hal_i2c.o
HAL_I2C_Master_Seq_Receive_IT                     build/stm32f3xx_hal_i2c.o
HAL_I2C_Master_Seq_Transmit_DMA                   build/stm32f3xx_hal_i2c.o
HAL_I2C_Master_Seq_Transmit_IT                    build/stm32f3xx_hal_i2c.o
HAL_I2C_Master_Transmit                           build/stm32f3xx_hal_i2c.o
HAL_I2C_Master_Transmit_DMA                       build/stm32f3xx_hal_i2c.o
HAL_I2C_Master_Transmit_IT                        build/stm32f3xx_hal_i2c.o
HAL_I2C_MemRxCpltCallback                         build/stm32f3xx_hal_i2c.o
HAL_I2C_MemTxCpltCallback                         build/stm32f3xx_hal_i2c.o
HAL_I2C_Mem_Read                                  build/stm32f3xx_hal_i2c.o
HAL_I2C_Mem_Read_DMA                              build/stm32f3xx_hal_i2c.o
HAL_I2C_Mem_Read_IT                               build/stm32f3xx_hal_i2c.o
HAL_I2C_Mem_Write                                 build/stm32f3xx_hal_i2c.o
HAL_I2C_Mem_Write_DMA                             build/stm32f3xx_hal_i2c.o
HAL_I2C_Mem_Write_IT                              build/stm32f3xx_hal_i2c.o
HAL_I2C_MspDeInit                                 build/stm32f3xx_hal_msp.o
HAL_I2C_MspInit                                   build/stm32f3xx_hal_msp.o
HAL_I2C_SlaveRxCpltCallback                       build/stm32f3xx_hal_i2c.o
HAL_I2C_SlaveTxCpltCallback                       build/stm32f3xx_hal_i2c.o
HAL_I2C_Slave_Receive                             build/stm32f3xx_hal_i2c.o
HAL_I2C_Slave_Receive_DMA                         build/stm32f3xx_hal_i2c.o
HAL_I2C_Slave_Receive_IT                          build/stm32f3xx_hal_i2c.o
HAL_I2C_Slave_Seq_Receive_DMA                     build/stm32f3xx_hal_i2c.o
HAL_I2C_Slave_Seq_Receive_IT                      build/stm32f3xx_hal_i2c.o
HAL_I2C_Slave_Seq_Transmit_DMA                    build/stm32f3xx_hal_i2c.o
HAL_I2C_Slave_Seq_Transmit_IT                     build/stm32f3xx_hal_i2c.o
HAL_I2C_Slave_Transmit                            build/stm32f3xx_hal_i2c.o
HAL_I2C_Slave_Transmit_DMA                        build/stm32f3xx_hal_i2c.o
HAL_I2C_Slave_Transmit_IT                         build/stm32f3xx_hal_i2c.o
HAL_IncTick                                       build/stm32f3xx_hal.o
                                                  build/stm32f3xx_it.o
HAL_Init                                          build/stm32f3xx_hal.o
                                                  build/main.o
HAL_InitTick                                      build/stm32f3xx_hal.o
                                                  build/stm32f3xx_hal_rcc.o
HAL_MPU_ConfigRegion                              build/stm32f3xx_hal_cortex.o
HAL_MPU_Disable                                   build/stm32f3xx_hal_cortex.o
HAL_MPU_Enable                                    build/stm32f3xx_hal_cortex.o
HAL_MspDeInit                                     build/stm32f3xx_hal.o
HAL_MspInit                                       build/stm32f3xx_hal_msp.o
HAL_NVIC_ClearPendingIRQ                          build/stm32f3xx_hal_cortex.o
HAL_NVIC_DisableIRQ                               build/stm32f3xx_hal_cortex.o
HAL_NVIC_EnableIRQ                                build/stm32f3xx_hal_cortex.o
HAL_NVIC_GetActive                                build/stm32f3xx_hal_cortex.o
HAL_NVIC_GetPendingIRQ                            build/stm32f3xx_hal_cortex.o
HAL_NVIC_GetPriority                              build/stm32f3xx_hal_cortex.o
HAL_NVIC_GetPriorityGrouping                      build/stm32f3xx_hal_cortex.o
HAL_NVIC_SetPendingIRQ                            build/stm32f3xx_hal_cortex.o
HAL_NVIC_SetPriority                              build/stm32f3xx_hal_cortex.o
                                                  build/stm32f3xx_hal.o
HAL_NVIC_SetPriorityGrouping                      build/stm32f3xx_hal_cortex.o
                                                  build/stm32f3xx_hal.o
                                                  build/stm32f3xx_hal_msp.o
HAL_NVIC_SystemReset                              build/stm32f3xx_hal_cortex.o
HAL_PCDEx_BCD_Callback                            build/stm32f3xx_hal_pcd_ex.o
HAL_PCDEx_LPM_Callback                            build/stm32f3xx_hal_pcd_ex.o
HAL_PCDEx_PMAConfig                               build/stm32f3xx_hal_pcd_ex.o
HAL_PCDEx_SetConnectionState                      build/stm32f3xx_hal_pcd_ex.o
                                                  build/stm32f3xx_hal_pcd.o
HAL_PCD_ActivateRemoteWakeup                      build/stm32f3xx_hal_pcd.o
HAL_PCD_ConnectCallback                           build/stm32f3xx_hal_pcd.o
HAL_PCD_DataInStageCallback                       build/stm32f3xx_hal_pcd.o
HAL_PCD_DataOutStageCallback                      build/stm32f3xx_hal_pcd.o
HAL_PCD_DeActivateRemoteWakeup                    build/stm32f3xx_hal_pcd.o
HAL_PCD_DeInit                                    build/stm32f3xx_hal_pcd.o
HAL_PCD_DevConnect                                build/stm32f3xx_hal_pcd.o
HAL_PCD_DevDisconnect                             build/stm32f3xx_hal_pcd.o
HAL_PCD_DisconnectCallback                        build/stm32f3xx_hal_pcd.o
HAL_PCD_EP_Close                                  build/stm32f3xx_hal_pcd.o
HAL_PCD_EP_ClrStall                               build/stm32f3xx_hal_pcd.o
HAL_PCD_EP_Flush                                  build/stm32f3xx_hal_pcd.o
HAL_PCD_EP_GetRxCount                             build/stm32f3xx_hal_pcd.o
HAL_PCD_EP_Open                                   build/stm32f3xx_hal_pcd.o
HAL_PCD_EP_Receive                                build/stm32f3xx_hal_pcd.o
HAL_PCD_EP_SetStall                               build/stm32f3xx_hal_pcd.o
HAL_PCD_EP_Transmit                               build/stm32f3xx_hal_pcd.o
HAL_PCD_GetState                                  build/stm32f3xx_hal_pcd.o
HAL_PCD_IRQHandler                                build/stm32f3xx_hal_pcd.o
HAL_PCD_ISOINIncompleteCallback                   build/stm32f3xx_hal_pcd.o
HAL_PCD_ISOOUTIncompleteCallback                  build/stm32f3xx_hal_pcd.o
HAL_PCD_Init                                      build/stm32f3xx_hal_pcd.o
                                                  build/main.o
HAL_PCD_MspDeInit                                 build/stm32f3xx_hal_msp.o
HAL_PCD_MspInit                                   build/stm32f3xx_hal_msp.o
HAL_PCD_ResetCallback                             build/stm32f3xx_hal_pcd.o
HAL_PCD_ResumeCallback                            build/stm32f3xx_hal_pcd.o
HAL_PCD_SOFCallback                               build/stm32f3xx_hal_pcd.o
HAL_PCD_SetAddress                                build/stm32f3xx_hal_pcd.o
HAL_PCD_SetupStageCallback                        build/stm32f3xx_hal_pcd.o
HAL_PCD_Start                                     build/stm32f3xx_hal_pcd.o
HAL_PCD_Stop                                      build/stm32f3xx_hal_pcd.o
HAL_PCD_SuspendCallback                           build/stm32f3xx_hal_pcd.o
HAL_PCD_WKUP_IRQHandler                           build/stm32f3xx_hal_pcd.o
HAL_PWR_ConfigPVD                                 build/stm32f3xx_hal_pwr_ex.o
HAL_PWR_DeInit                                    build/stm32f3xx_hal_pwr.o
HAL_PWR_DisableBkUpAccess                         build/stm32f3xx_hal_pwr.o
HAL_PWR_DisablePVD                                build/stm32f3xx_hal_pwr_ex.o
HAL_PWR_DisableSEVOnPend                          build/stm32f3xx_hal_pwr.o
HAL_PWR_DisableSleepOnExit                        build/stm32f3xx_hal_pwr.o
HAL_PWR_DisableWakeUpPin                          build/stm32f3xx_hal_pwr.o
HAL_PWR_EnableBkUpAccess                          build/stm32f3xx_hal_pwr.o
HAL_PWR_EnablePVD                                 build/stm32f3xx_hal_pwr_ex.o
HAL_PWR_EnableSEVOnPend                           build/stm32f3xx_hal_pwr.o
HAL_PWR_EnableSleepOnExit                         build/stm32f3xx_hal_pwr.o
HAL_PWR_EnableWakeUpPin                           build/stm32f3xx_hal_pwr.o
HAL_PWR_EnterSLEEPMode                            build/stm32f3xx_hal_pwr.o
HAL_PWR_EnterSTANDBYMode                          build/stm32f3xx_hal_pwr.o
HAL_PWR_EnterSTOPMode                             build/stm32f3xx_hal_pwr.o
HAL_PWR_PVDCallback                               build/stm32f3xx_hal_pwr_ex.o
HAL_PWR_PVD_IRQHandler                            build/stm32f3xx_hal_pwr_ex.o
HAL_RCCEx_GetPeriphCLKConfig                      build/stm32f3xx_hal_rcc_ex.o
HAL_RCCEx_GetPeriphCLKFreq                        build/stm32f3xx_hal_rcc_ex.o
HAL_RCCEx_PeriphCLKConfig                         build/stm32f3xx_hal_rcc_ex.o
                                                  build/main.o
HAL_RCC_CSSCallback                               build/stm32f3xx_hal_rcc.o
HAL_RCC_ClockConfig                               build/stm32f3xx_hal_rcc.o
                                                  build/main.o
HAL_RCC_DeInit                                    build/stm32f3xx_hal_rcc.o
HAL_RCC_DisableCSS                                build/stm32f3xx_hal_rcc.o
HAL_RCC_EnableCSS                                 build/stm32f3xx_hal_rcc.o
HAL_RCC_GetClockConfig                            build/stm32f3xx_hal_rcc.o
HAL_RCC_GetHCLKFreq                               build/stm32f3xx_hal_rcc.o
HAL_RCC_GetOscConfig                              build/stm32f3xx_hal_rcc.o
HAL_RCC_GetPCLK1Freq                              build/stm32f3xx_hal_rcc.o
                                                  build/stm32f3xx_hal_rcc_ex.o
HAL_RCC_GetPCLK2Freq                              build/stm32f3xx_hal_rcc.o
                                                  build/stm32f3xx_hal_rcc_ex.o
HAL_RCC_GetSysClockFreq                           build/stm32f3xx_hal_rcc.o
                                                  build/stm32f3xx_hal_rcc_ex.o
HAL_RCC_MCOConfig                                 build/stm32f3xx_hal_rcc.o
HAL_RCC_NMI_IRQHandler                            build/stm32f3xx_hal_rcc.o
HAL_RCC_OscConfig                                 build/stm32f3xx_hal_rcc.o
                                                  build/main.o
HAL_ResumeTick                                    build/stm32f3xx_hal.o
HAL_SPIEx_FlushRxFifo                             build/stm32f3xx_hal_spi_ex.o
HAL_SPI_Abort                                     build/stm32f3xx_hal_spi.o
HAL_SPI_AbortCpltCallback                         build/stm32f3xx_hal_spi.o
HAL_SPI_Abort_IT                                  build/stm32f3xx_hal_spi.o
HAL_SPI_DMAPause                                  build/stm32f3xx_hal_spi.o
HAL_SPI_DMAResume                                 build/stm32f3xx_hal_spi.o
HAL_SPI_DMAStop                                   build/stm32f3xx_hal_spi.o
HAL_SPI_DeInit                                    build/stm32f3xx_hal_spi.o
HAL_SPI_ErrorCallback                             build/stm32f3xx_hal_spi.o
HAL_SPI_GetError                                  build/stm32f3xx_hal_spi.o
HAL_SPI_GetState                                  build/stm32f3xx_hal_spi.o
HAL_SPI_IRQHandler                                build/stm32f3xx_hal_spi.o
HAL_SPI_Init                                      build/stm32f3xx_hal_spi.o
                                                  build/main.o
HAL_SPI_MspDeInit                                 build/stm32f3xx_hal_msp.o
HAL_SPI_MspInit                                   build/stm32f3xx_hal_msp.o
HAL_SPI_Receive                                   build/stm32f3xx_hal_spi.o
HAL_SPI_Receive_DMA                               build/stm32f3xx_hal_spi.o
HAL_SPI_Receive_IT                                build/stm32f3xx_hal_spi.o
HAL_SPI_RxCpltCallback                            build/stm32f3xx_hal_spi.o
HAL_SPI_RxHalfCpltCallback                        build/stm32f3xx_hal_spi.o
HAL_SPI_Transmit                                  build/stm32f3xx_hal_spi.o
HAL_SPI_TransmitReceive                           build/stm32f3xx_hal_spi.o
HAL_SPI_TransmitReceive_DMA                       build/stm32f3xx_hal_spi.o
HAL_SPI_TransmitReceive_IT                        build/stm32f3xx_hal_spi.o
HAL_SPI_Transmit_DMA                              build/stm32f3xx_hal_spi.o
HAL_SPI_Transmit_IT                               build/stm32f3xx_hal_spi.o
HAL_SPI_TxCpltCallback                            build/stm32f3xx_hal_spi.o
HAL_SPI_TxHalfCpltCallback                        build/stm32f3xx_hal_spi.o
HAL_SPI_TxRxCpltCallback                          build/stm32f3xx_hal_spi.o
HAL_SPI_TxRxHalfCpltCallback                      build/stm32f3xx_hal_spi.o
HAL_SYSTICK_CLKSourceConfig                       build/stm32f3xx_hal_cortex.o
HAL_SYSTICK_Callback                              build/stm32f3xx_hal_cortex.o
HAL_SYSTICK_Config                                build/stm32f3xx_hal_cortex.o
                                                  build/stm32f3xx_hal.o
HAL_SYSTICK_IRQHandler                            build/stm32f3xx_hal_cortex.o
HAL_SetTickFreq                                   build/stm32f3xx_hal.o
HAL_SuspendTick                                   build/stm32f3xx_hal.o
HardFault_Handler                                 build/stm32f3xx_it.o
I2C1_ER_IRQHandler                                build/startup_stm32f303xc.o
I2C1_EV_IRQHandler                                build/startup_stm32f303xc.o
I2C2_ER_IRQHandler                                build/startup_stm32f303xc.o
I2C2_EV_IRQHandler                                build/startup_stm32f303xc.o
MemManage_Handler                                 build/stm32f3xx_it.o
NMI_Handler                                       build/stm32f3xx_it.o
PVD_IRQHandler                                    build/startup_stm32f303xc.o
PendSV_Handler                                    build/stm32f3xx_it.o
RCC_IRQHandler                                    build/startup_stm32f303xc.o
RTC_Alarm_IRQHandler                              build/startup_stm32f303xc.o
RTC_WKUP_IRQHandler                               build/startup_stm32f303xc.o
Reset_Handler                                     build/startup_stm32f303xc.o
SPI1_IRQHandler                                   build/startup_stm32f303xc.o
SPI2_IRQHandler                                   build/startup_stm32f303xc.o
SPI3_IRQHandler                                   build/startup_stm32f303xc.o
SVC_Handler                                       build/stm32f3xx_it.o
SysTick_Handler                                   build/stm32f3xx_it.o
SystemClock_Config                                build/main.o
SystemCoreClock                                   build/system_stm32f3xx.o
                                                  build/stm32f3xx_hal_spi.o
                                                  build/stm32f3xx_hal_rcc_ex.o
                                                  build/stm32f3xx_hal_rcc.o
                                                  build/stm32f3xx_hal.o
SystemCoreClockUpdate                             build/system_stm32f3xx.o
SystemInit                                        build/system_stm32f3xx.o
                                                  build/startup_stm32f303xc.o
TAMP_STAMP_IRQHandler                             build/startup_stm32f303xc.o
TIM1_BRK_TIM15_IRQHandler                         build/startup_stm32f303xc.o
TIM1_CC_IRQHandler                                build/startup_stm32f303xc.o
TIM1_TRG_COM_TIM17_IRQHandler                     build/startup_stm32f303xc.o
TIM1_UP_TIM16_IRQHandler                          build/startup_stm32f303xc.o
TIM2_IRQHandler                                   build/startup_stm32f303xc.o
TIM3_IRQHandler                                   build/startup_stm32f303xc.o
TIM4_IRQHandler                                   build/startup_stm32f303xc.o
TIM6_DAC_IRQHandler                               build/startup_stm32f303xc.o
TIM7_IRQHandler                                   build/startup_stm32f303xc.o
TIM8_BRK_IRQHandler                               build/startup_stm32f303xc.o
TIM8_CC_IRQHandler                                build/startup_stm32f303xc.o
TIM8_TRG_COM_IRQHandler                           build/startup_stm32f303xc.o
TIM8_UP_IRQHandler                                build/startup_stm32f303xc.o
UART4_IRQHandler                                  build/startup_stm32f303xc.o
UART5_IRQHandler                                  build/startup_stm32f303xc.o
USART1_IRQHandler                                 build/startup_stm32f303xc.o
USART2_IRQHandler                                 build/startup_stm32f303xc.o
USART3_IRQHandler                                 build/startup_stm32f303xc.o
USBWakeUp_IRQHandler                              build/startup_stm32f303xc.o
USBWakeUp_RMP_IRQHandler                          build/startup_stm32f303xc.o
USB_ActivateEndpoint                              build/stm32f3xx_ll_usb.o
                                                  build/stm32f3xx_hal_pcd.o
USB_ActivateRemoteWakeup                          build/stm32f3xx_ll_usb.o
                                                  build/stm32f3xx_hal_pcd.o
USB_CoreInit                                      build/stm32f3xx_ll_usb.o
USB_DeActivateRemoteWakeup                        build/stm32f3xx_ll_usb.o
                                                  build/stm32f3xx_hal_pcd.o
USB_DeactivateEndpoint                            build/stm32f3xx_ll_usb.o
                                                  build/stm32f3xx_hal_pcd.o
USB_DevConnect                                    build/stm32f3xx_ll_usb.o
                                                  build/stm32f3xx_hal_pcd.o
USB_DevDisconnect                                 build/stm32f3xx_ll_usb.o
                                                  build/stm32f3xx_hal_pcd.o
USB_DevInit                                       build/stm32f3xx_ll_usb.o
                                                  build/stm32f3xx_hal_pcd.o
USB_DisableGlobalInt                              build/stm32f3xx_ll_usb.o
                                                  build/stm32f3xx_hal_pcd.o
USB_EPClearStall                                  build/stm32f3xx_ll_usb.o
                                                  build/stm32f3xx_hal_pcd.o
USB_EPSetStall                                    build/stm32f3xx_ll_usb.o
                                                  build/stm32f3xx_hal_pcd.o
USB_EPStartXfer                                   build/stm32f3xx_ll_usb.o
                                                  build/stm32f3xx_hal_pcd.o
USB_EnableGlobalInt                               build/stm32f3xx_ll_usb.o
                                                  build/stm32f3xx_hal_pcd.o
USB_HP_CAN_TX_IRQHandler                          build/startup_stm32f303xc.o
USB_HP_IRQHandler                                 build/startup_stm32f303xc.o
USB_LP_CAN_RX0_IRQHandler                         build/startup_stm32f303xc.o
USB_LP_IRQHandler                                 build/startup_stm32f303xc.o
USB_ReadInterrupts                                build/stm32f3xx_ll_usb.o
                                                  build/stm32f3xx_hal_pcd.o
USB_ReadPMA                                       build/stm32f3xx_ll_usb.o
                                                  build/stm32f3xx_hal_pcd.o
USB_SetCurrentMode                                build/stm32f3xx_ll_usb.o
USB_SetDevAddress                                 build/stm32f3xx_ll_usb.o
                                                  build/stm32f3xx_hal_pcd.o
USB_StopDevice                                    build/stm32f3xx_ll_usb.o
                                                  build/stm32f3xx_hal_pcd.o
USB_WritePMA                                      build/stm32f3xx_ll_usb.o
                                                  build/stm32f3xx_hal_pcd.o
UsageFault_Handler                                build/stm32f3xx_it.o
WWDG_IRQHandler                                   build/startup_stm32f303xc.o
__atexit_dummy                                    c:/msys64/mingw64/bin/../lib/gcc/arm-none-eabi/10.1.0/../../../../arm-none-eabi/lib/thumb/v7e-m+fp/hard\libc_nano.a(lib_a-__atexit.o)
__atexit_recursive_mutex                          c:/msys64/mingw64/bin/../lib/gcc/arm-none-eabi/10.1.0/../../../../arm-none-eabi/lib/thumb/v7e-m+fp/hard\libc_nano.a(lib_a-__call_atexit.o)
                                                  c:/msys64/mingw64/bin/../lib/gcc/arm-none-eabi/10.1.0/../../../../arm-none-eabi/lib/thumb/v7e-m+fp/hard\libc_nano.a(lib_a-__atexit.o)
__bss_end__                                       c:/msys64/mingw64/bin/../lib/gcc/arm-none-eabi/10.1.0/../../../../arm-none-eabi/lib/thumb/v7e-m+fp/hard/crt0.o
__bss_start__                                     c:/msys64/mingw64/bin/../lib/gcc/arm-none-eabi/10.1.0/../../../../arm-none-eabi/lib/thumb/v7e-m+fp/hard/crt0.o
__call_exitprocs                                  c:/msys64/mingw64/bin/../lib/gcc/arm-none-eabi/10.1.0/../../../../arm-none-eabi/lib/thumb/v7e-m+fp/hard\libc_nano.a(lib_a-__call_atexit.o)
                                                  c:/msys64/mingw64/bin/../lib/gcc/arm-none-eabi/10.1.0/../../../../arm-none-eabi/lib/thumb/v7e-m+fp/hard\libc_nano.a(lib_a-__atexit.o)
                                                  c:/msys64/mingw64/bin/../lib/gcc/arm-none-eabi/10.1.0/../../../../arm-none-eabi/lib/thumb/v7e-m+fp/hard\libc_nano.a(lib_a-exit.o)
__deregister_frame_info                           c:/msys64/mingw64/bin/../lib/gcc/arm-none-eabi/10.1.0/thumb/v7e-m+fp/hard/crtbegin.o
__dso_handle                                      c:/msys64/mingw64/bin/../lib/gcc/arm-none-eabi/10.1.0/thumb/v7e-m+fp/hard/crtbegin.o
__fini_array_end                                  c:/msys64/mingw64/bin/../lib/gcc/arm-none-eabi/10.1.0/../../../../arm-none-eabi/lib/thumb/v7e-m+fp/hard\libc_nano.a(lib_a-fini.o)
__fini_array_start                                c:/msys64/mingw64/bin/../lib/gcc/arm-none-eabi/10.1.0/../../../../arm-none-eabi/lib/thumb/v7e-m+fp/hard\libc_nano.a(lib_a-fini.o)
__init_array_end                                  c:/msys64/mingw64/bin/../lib/gcc/arm-none-eabi/10.1.0/../../../../arm-none-eabi/lib/thumb/v7e-m+fp/hard\libc_nano.a(lib_a-init.o)
__init_array_start                                c:/msys64/mingw64/bin/../lib/gcc/arm-none-eabi/10.1.0/../../../../arm-none-eabi/lib/thumb/v7e-m+fp/hard\libc_nano.a(lib_a-init.o)
__libc_fini_array                                 c:/msys64/mingw64/bin/../lib/gcc/arm-none-eabi/10.1.0/../../../../arm-none-eabi/lib/thumb/v7e-m+fp/hard\libc_nano.a(lib_a-fini.o)
                                                  c:/msys64/mingw64/bin/../lib/gcc/arm-none-eabi/10.1.0/../../../../arm-none-eabi/lib/thumb/v7e-m+fp/hard/crt0.o
__libc_init_array                                 c:/msys64/mingw64/bin/../lib/gcc/arm-none-eabi/10.1.0/../../../../arm-none-eabi/lib/thumb/v7e-m+fp/hard\libc_nano.a(lib_a-init.o)
                                                  build/startup_stm32f303xc.o
                                                  c:/msys64/mingw64/bin/../lib/gcc/arm-none-eabi/10.1.0/../../../../arm-none-eabi/lib/thumb/v7e-m+fp/hard/crt0.o
__lock___arc4random_mutex                         c:/msys64/mingw64/bin/../lib/gcc/arm-none-eabi/10.1.0/../../../../arm-none-eabi/lib/thumb/v7e-m+fp/hard\libc_nano.a(lib_a-lock.o)
__lock___at_quick_exit_mutex                      c:/msys64/mingw64/bin/../lib/gcc/arm-none-eabi/10.1.0/../../../../arm-none-eabi/lib/thumb/v7e-m+fp/hard\libc_nano.a(lib_a-lock.o)
__lock___atexit_recursive_mutex                   c:/msys64/mingw64/bin/../lib/gcc/arm-none-eabi/10.1.0/../../../../arm-none-eabi/lib/thumb/v7e-m+fp/hard\libc_nano.a(lib_a-lock.o)
                                                  c:/msys64/mingw64/bin/../lib/gcc/arm-none-eabi/10.1.0/../../../../arm-none-eabi/lib/thumb/v7e-m+fp/hard\libc_nano.a(lib_a-__call_atexit.o)
__lock___dd_hash_mutex                            c:/msys64/mingw64/bin/../lib/gcc/arm-none-eabi/10.1.0/../../../../arm-none-eabi/lib/thumb/v7e-m+fp/hard\libc_nano.a(lib_a-lock.o)
__lock___env_recursive_mutex                      c:/msys64/mingw64/bin/../lib/gcc/arm-none-eabi/10.1.0/../../../../arm-none-eabi/lib/thumb/v7e-m+fp/hard\libc_nano.a(lib_a-lock.o)
__lock___malloc_recursive_mutex                   c:/msys64/mingw64/bin/../lib/gcc/arm-none-eabi/10.1.0/../../../../arm-none-eabi/lib/thumb/v7e-m+fp/hard\libc_nano.a(lib_a-lock.o)
__lock___sfp_recursive_mutex                      c:/msys64/mingw64/bin/../lib/gcc/arm-none-eabi/10.1.0/../../../../arm-none-eabi/lib/thumb/v7e-m+fp/hard\libc_nano.a(lib_a-lock.o)
__lock___sinit_recursive_mutex                    c:/msys64/mingw64/bin/../lib/gcc/arm-none-eabi/10.1.0/../../../../arm-none-eabi/lib/thumb/v7e-m+fp/hard\libc_nano.a(lib_a-lock.o)
__lock___tz_mutex                                 c:/msys64/mingw64/bin/../lib/gcc/arm-none-eabi/10.1.0/../../../../arm-none-eabi/lib/thumb/v7e-m+fp/hard\libc_nano.a(lib_a-lock.o)
__on_exit_args                                    c:/msys64/mingw64/bin/../lib/gcc/arm-none-eabi/10.1.0/../../../../arm-none-eabi/lib/thumb/v7e-m+fp/hard\libc_nano.a(lib_a-__atexit.o)
__preinit_array_end                               c:/msys64/mingw64/bin/../lib/gcc/arm-none-eabi/10.1.0/../../../../arm-none-eabi/lib/thumb/v7e-m+fp/hard\libc_nano.a(lib_a-init.o)
__preinit_array_start                             c:/msys64/mingw64/bin/../lib/gcc/arm-none-eabi/10.1.0/../../../../arm-none-eabi/lib/thumb/v7e-m+fp/hard\libc_nano.a(lib_a-init.o)
__register_exitproc                               c:/msys64/mingw64/bin/../lib/gcc/arm-none-eabi/10.1.0/../../../../arm-none-eabi/lib/thumb/v7e-m+fp/hard\libc_nano.a(lib_a-__atexit.o)
                                                  c:/msys64/mingw64/bin/../lib/gcc/arm-none-eabi/10.1.0/../../../../arm-none-eabi/lib/thumb/v7e-m+fp/hard\libc_nano.a(lib_a-atexit.o)
__register_frame_info                             c:/msys64/mingw64/bin/../lib/gcc/arm-none-eabi/10.1.0/thumb/v7e-m+fp/hard/crtbegin.o
__retarget_lock_acquire                           c:/msys64/mingw64/bin/../lib/gcc/arm-none-eabi/10.1.0/../../../../arm-none-eabi/lib/thumb/v7e-m+fp/hard\libc_nano.a(lib_a-lock.o)
__retarget_lock_acquire_recursive                 c:/msys64/mingw64/bin/../lib/gcc/arm-none-eabi/10.1.0/../../../../arm-none-eabi/lib/thumb/v7e-m+fp/hard\libc_nano.a(lib_a-lock.o)
                                                  c:/msys64/mingw64/bin/../lib/gcc/arm-none-eabi/10.1.0/../../../../arm-none-eabi/lib/thumb/v7e-m+fp/hard\libc_nano.a(lib_a-__call_atexit.o)
                                                  c:/msys64/mingw64/bin/../lib/gcc/arm-none-eabi/10.1.0/../../../../arm-none-eabi/lib/thumb/v7e-m+fp/hard\libc_nano.a(lib_a-__atexit.o)
__retarget_lock_close                             c:/msys64/mingw64/bin/../lib/gcc/arm-none-eabi/10.1.0/../../../../arm-none-eabi/lib/thumb/v7e-m+fp/hard\libc_nano.a(lib_a-lock.o)
__retarget_lock_close_recursive                   c:/msys64/mingw64/bin/../lib/gcc/arm-none-eabi/10.1.0/../../../../arm-none-eabi/lib/thumb/v7e-m+fp/hard\libc_nano.a(lib_a-lock.o)
__retarget_lock_init                              c:/msys64/mingw64/bin/../lib/gcc/arm-none-eabi/10.1.0/../../../../arm-none-eabi/lib/thumb/v7e-m+fp/hard\libc_nano.a(lib_a-lock.o)
__retarget_lock_init_recursive                    c:/msys64/mingw64/bin/../lib/gcc/arm-none-eabi/10.1.0/../../../../arm-none-eabi/lib/thumb/v7e-m+fp/hard\libc_nano.a(lib_a-lock.o)
__retarget_lock_release                           c:/msys64/mingw64/bin/../lib/gcc/arm-none-eabi/10.1.0/../../../../arm-none-eabi/lib/thumb/v7e-m+fp/hard\libc_nano.a(lib_a-lock.o)
                                                  c:/msys64/mingw64/bin/../lib/gcc/arm-none-eabi/10.1.0/../../../../arm-none-eabi/lib/thumb/v7e-m+fp/hard\libc_nano.a(lib_a-__atexit.o)
__retarget_lock_release_recursive                 c:/msys64/mingw64/bin/../lib/gcc/arm-none-eabi/10.1.0/../../../../arm-none-eabi/lib/thumb/v7e-m+fp/hard\libc_nano.a(lib_a-lock.o)
                                                  c:/msys64/mingw64/bin/../lib/gcc/arm-none-eabi/10.1.0/../../../../arm-none-eabi/lib/thumb/v7e-m+fp/hard\libc_nano.a(lib_a-__call_atexit.o)
                                                  c:/msys64/mingw64/bin/../lib/gcc/arm-none-eabi/10.1.0/../../../../arm-none-eabi/lib/thumb/v7e-m+fp/hard\libc_nano.a(lib_a-__atexit.o)
__retarget_lock_try_acquire                       c:/msys64/mingw64/bin/../lib/gcc/arm-none-eabi/10.1.0/../../../../arm-none-eabi/lib/thumb/v7e-m+fp/hard\libc_nano.a(lib_a-lock.o)
__retarget_lock_try_acquire_recursive             c:/msys64/mingw64/bin/../lib/gcc/arm-none-eabi/10.1.0/../../../../arm-none-eabi/lib/thumb/v7e-m+fp/hard\libc_nano.a(lib_a-lock.o)
__sf_fake_stderr                                  c:/msys64/mingw64/bin/../lib/gcc/arm-none-eabi/10.1.0/../../../../arm-none-eabi/lib/thumb/v7e-m+fp/hard\libc_nano.a(lib_a-impure.o)
__sf_fake_stdin                                   c:/msys64/mingw64/bin/../lib/gcc/arm-none-eabi/10.1.0/../../../../arm-none-eabi/lib/thumb/v7e-m+fp/hard\libc_nano.a(lib_a-impure.o)
__sf_fake_stdout                                  c:/msys64/mingw64/bin/../lib/gcc/arm-none-eabi/10.1.0/../../../../arm-none-eabi/lib/thumb/v7e-m+fp/hard\libc_nano.a(lib_a-impure.o)
__stack                                           c:/msys64/mingw64/bin/../lib/gcc/arm-none-eabi/10.1.0/../../../../arm-none-eabi/lib/thumb/v7e-m+fp/hard/crt0.o
_ebss                                             build/startup_stm32f303xc.o
_edata                                            build/startup_stm32f303xc.o
_estack                                           build/startup_stm32f303xc.o
_exit                                             c:/msys64/mingw64/bin/../lib/gcc/arm-none-eabi/10.1.0/../../../../arm-none-eabi/lib/thumb/v7e-m+fp/hard\libnosys.a(_exit.o)
                                                  c:/msys64/mingw64/bin/../lib/gcc/arm-none-eabi/10.1.0/../../../../arm-none-eabi/lib/thumb/v7e-m+fp/hard\libc_nano.a(lib_a-exit.o)
_fini                                             c:/msys64/mingw64/bin/../lib/gcc/arm-none-eabi/10.1.0/thumb/v7e-m+fp/hard/crti.o
                                                  c:/msys64/mingw64/bin/../lib/gcc/arm-none-eabi/10.1.0/../../../../arm-none-eabi/lib/thumb/v7e-m+fp/hard\libc_nano.a(lib_a-fini.o)
_global_atexit                                    c:/msys64/mingw64/bin/../lib/gcc/arm-none-eabi/10.1.0/../../../../arm-none-eabi/lib/thumb/v7e-m+fp/hard\libc_nano.a(lib_a-__call_atexit.o)
                                                  c:/msys64/mingw64/bin/../lib/gcc/arm-none-eabi/10.1.0/../../../../arm-none-eabi/lib/thumb/v7e-m+fp/hard\libc_nano.a(lib_a-__atexit.o)
_global_impure_ptr                                c:/msys64/mingw64/bin/../lib/gcc/arm-none-eabi/10.1.0/../../../../arm-none-eabi/lib/thumb/v7e-m+fp/hard\libc_nano.a(lib_a-impure.o)
                                                  c:/msys64/mingw64/bin/../lib/gcc/arm-none-eabi/10.1.0/../../../../arm-none-eabi/lib/thumb/v7e-m+fp/hard\libc_nano.a(lib_a-exit.o)
_impure_ptr                                       c:/msys64/mingw64/bin/../lib/gcc/arm-none-eabi/10.1.0/../../../../arm-none-eabi/lib/thumb/v7e-m+fp/hard\libc_nano.a(lib_a-impure.o)
_init                                             c:/msys64/mingw64/bin/../lib/gcc/arm-none-eabi/10.1.0/thumb/v7e-m+fp/hard/crti.o
                                                  c:/msys64/mingw64/bin/../lib/gcc/arm-none-eabi/10.1.0/../../../../arm-none-eabi/lib/thumb/v7e-m+fp/hard\libc_nano.a(lib_a-init.o)
_mainCRTStartup                                   c:/msys64/mingw64/bin/../lib/gcc/arm-none-eabi/10.1.0/../../../../arm-none-eabi/lib/thumb/v7e-m+fp/hard/crt0.o
_sbss                                             build/startup_stm32f303xc.o
_sdata                                            build/startup_stm32f303xc.o
_sidata                                           build/startup_stm32f303xc.o
_stack_init                                       c:/msys64/mingw64/bin/../lib/gcc/arm-none-eabi/10.1.0/../../../../arm-none-eabi/lib/thumb/v7e-m+fp/hard/crt0.o
_start                                            c:/msys64/mingw64/bin/../lib/gcc/arm-none-eabi/10.1.0/../../../../arm-none-eabi/lib/thumb/v7e-m+fp/hard/crt0.o
aPLLMULFactorTable                                build/stm32f3xx_hal_rcc.o
aPredivFactorTable                                build/stm32f3xx_hal_rcc.o
atexit                                            c:/msys64/mingw64/bin/../lib/gcc/arm-none-eabi/10.1.0/../../../../arm-none-eabi/lib/thumb/v7e-m+fp/hard\libc_nano.a(lib_a-atexit.o)
                                                  c:/msys64/mingw64/bin/../lib/gcc/arm-none-eabi/10.1.0/../../../../arm-none-eabi/lib/thumb/v7e-m+fp/hard/crt0.o
exit                                              c:/msys64/mingw64/bin/../lib/gcc/arm-none-eabi/10.1.0/../../../../arm-none-eabi/lib/thumb/v7e-m+fp/hard\libc_nano.a(lib_a-exit.o)
                                                  c:/msys64/mingw64/bin/../lib/gcc/arm-none-eabi/10.1.0/../../../../arm-none-eabi/lib/thumb/v7e-m+fp/hard/crt0.o
g_pfnVectors                                      build/startup_stm32f303xc.o
hardware_init_hook                                c:/msys64/mingw64/bin/../lib/gcc/arm-none-eabi/10.1.0/../../../../arm-none-eabi/lib/thumb/v7e-m+fp/hard/crt0.o
hi2c1                                             build/main.o
hpcd_USB_FS                                       build/main.o
hspi1                                             build/main.o
main                                              build/main.o
                                                  build/startup_stm32f303xc.o
                                                  c:/msys64/mingw64/bin/../lib/gcc/arm-none-eabi/10.1.0/../../../../arm-none-eabi/lib/thumb/v7e-m+fp/hard/crt0.o
malloc                                            c:/msys64/mingw64/bin/../lib/gcc/arm-none-eabi/10.1.0/../../../../arm-none-eabi/lib/thumb/v7e-m+fp/hard\libc_nano.a(lib_a-__atexit.o)
memset                                            c:/msys64/mingw64/bin/../lib/gcc/arm-none-eabi/10.1.0/../../../../arm-none-eabi/lib/thumb/v7e-m+fp/hard\libc_nano.a(lib_a-memset.o)
                                                  build/main.o
                                                  c:/msys64/mingw64/bin/../lib/gcc/arm-none-eabi/10.1.0/../../../../arm-none-eabi/lib/thumb/v7e-m+fp/hard/crt0.o
pFlash                                            build/stm32f3xx_hal_flash.o
                                                  build/stm32f3xx_hal_flash_ex.o
set_data_pins                                     build/main.o
software_init_hook                                c:/msys64/mingw64/bin/../lib/gcc/arm-none-eabi/10.1.0/../../../../arm-none-eabi/lib/thumb/v7e-m+fp/hard/crt0.o
uwTick                                            build/stm32f3xx_hal.o
uwTickFreq                                        build/stm32f3xx_hal.o
uwTickPrio                                        build/stm32f3xx_hal.o
                                                  build/stm32f3xx_hal_rcc.o
